| app.bicep:26:19:26:40 | String | Hardcoded SMTP password in Grafana configuration. Use Azure Key Vault references instead. |
