| http-traffic.bicep:35:31:35:35 | false | Supports non-HTTPS traffic for storage accounts. |