| app.bicep:22:1:29:1 | RedisCacheResource | TLS is disabled for this resource |
