variables
| conditions.bicep:1:1:1:39 | Variable[enableStorageAccount] |
| conditions.bicep:2:1:2:54 | Variable[storageAccountName] |
| conditions.bicep:4:1:12:1 | Variable[storageAccount] |
| data.bicep:2:1:6:1 | Variable[multiLineArray] |
| data.bicep:8:1:8:43 | Variable[singleLineArray] |
| data.bicep:10:1:11:10 | Variable[mixedArray] |
| data.bicep:13:1:13:28 | Variable[exampleArray] |
| data.bicep:14:1:14:41 | Variable[firstElement] |
| data.bicep:15:1:15:41 | Variable[thirdElement] |
| data.bicep:17:1:17:13 | Variable[index] |
| data.bicep:18:1:18:46 | Variable[secondElement] |
| data.bicep:21:1:21:29 | Variable[exampleBool] |
| data.bicep:24:1:24:24 | Variable[exampleInt] |
| data.bicep:27:1:27:92 | Variable[singleLineObject] |
| data.bicep:29:1:34:1 | Variable[multiLineObject] |
| data.bicep:36:1:37:12 | Variable[mixedObject] |
| data.bicep:41:1:41:25 | Variable[myVar] |
| data.bicep:43:1:43:62 | Variable[storageName] |
| data.bicep:46:1:46:24 | Variable[myVar] |
| data.bicep:49:1:50:9 | Variable[myVar2] |
| data.bicep:53:1:55:3 | Variable[myVar3] |
| data.bicep:58:1:62:3 | Variable[myVar4] |
| sample.bicep:1:1:1:48 | Variable[location] |
| sample.bicep:2:1:2:80 | Variable[storageAccountName] |
| sample.bicep:3:1:3:28 | Variable[vmName] |
| sample.bicep:4:1:4:40 | Variable[adminUsername] |
| sample.bicep:5:1:5:43 | Variable[adminPassword] |
| sample.bicep:6:1:6:32 | Variable[vnetName] |
| sample.bicep:7:1:7:36 | Variable[subnetName] |
| sample.bicep:8:1:8:40 | Variable[publicIpName] |
| sample.bicep:9:1:9:30 | Variable[nicName] |
| sample.bicep:11:1:21:1 | Variable[storageAccount] |
| sample.bicep:23:1:41:1 | Variable[vnet] |
| sample.bicep:43:1:49:1 | Variable[publicIp] |
| sample.bicep:51:1:70:1 | Variable[nic] |
| sample.bicep:72:1:103:1 | Variable[vm] |
variableAccess
| conditions.bicep:1:1:1:39 | Variable[enableStorageAccount] | conditions.bicep:1:7:1:26 | VariableWrite[enableStorageAccount] |
| conditions.bicep:1:1:1:39 | Variable[enableStorageAccount] | conditions.bicep:4:78:4:97 | VariableRead[enableStorageAccount] |
| conditions.bicep:2:1:2:54 | Variable[storageAccountName] | conditions.bicep:2:7:2:24 | VariableWrite[storageAccountName] |
| conditions.bicep:2:1:2:54 | Variable[storageAccountName] | conditions.bicep:5:9:5:26 | VariableRead[storageAccountName] |
| conditions.bicep:4:1:12:1 | Variable[storageAccount] | conditions.bicep:4:10:4:23 | VariableWrite[storageAccount] |
| data.bicep:13:1:13:28 | Variable[exampleArray] | data.bicep:14:27:14:38 | VariableRead[exampleArray] |
| data.bicep:13:1:13:28 | Variable[exampleArray] | data.bicep:15:27:15:38 | VariableRead[exampleArray] |
| data.bicep:13:1:13:28 | Variable[exampleArray] | data.bicep:18:28:18:39 | VariableRead[exampleArray] |
| data.bicep:14:1:14:41 | Variable[firstElement] | data.bicep:14:8:14:19 | VariableWrite[firstElement] |
| data.bicep:15:1:15:41 | Variable[thirdElement] | data.bicep:15:8:15:19 | VariableWrite[thirdElement] |
| data.bicep:17:1:17:13 | Variable[index] | data.bicep:18:41:18:45 | VariableRead[index] |
| data.bicep:18:1:18:46 | Variable[secondElement] | data.bicep:18:8:18:20 | VariableWrite[secondElement] |
| data.bicep:21:1:21:29 | Variable[exampleBool] | data.bicep:21:7:21:17 | VariableWrite[exampleBool] |
| data.bicep:24:1:24:24 | Variable[exampleInt] | data.bicep:24:7:24:16 | VariableWrite[exampleInt] |
| data.bicep:27:1:27:92 | Variable[singleLineObject] | data.bicep:27:7:27:22 | VariableWrite[singleLineObject] |
| data.bicep:29:1:34:1 | Variable[multiLineObject] | data.bicep:29:7:29:21 | VariableWrite[multiLineObject] |
| data.bicep:36:1:37:12 | Variable[mixedObject] | data.bicep:36:7:36:17 | VariableWrite[mixedObject] |
| sample.bicep:1:1:1:48 | Variable[location] | sample.bicep:1:7:1:14 | VariableWrite[location] |
| sample.bicep:1:1:1:48 | Variable[location] | sample.bicep:13:3:13:10 | VariableRead[location] |
| sample.bicep:1:1:1:48 | Variable[location] | sample.bicep:13:13:13:20 | VariableRead[location] |
| sample.bicep:1:1:1:48 | Variable[location] | sample.bicep:25:3:25:10 | VariableRead[location] |
| sample.bicep:1:1:1:48 | Variable[location] | sample.bicep:25:13:25:20 | VariableRead[location] |
| sample.bicep:1:1:1:48 | Variable[location] | sample.bicep:45:3:45:10 | VariableRead[location] |
| sample.bicep:1:1:1:48 | Variable[location] | sample.bicep:45:13:45:20 | VariableRead[location] |
| sample.bicep:1:1:1:48 | Variable[location] | sample.bicep:53:3:53:10 | VariableRead[location] |
| sample.bicep:1:1:1:48 | Variable[location] | sample.bicep:53:13:53:20 | VariableRead[location] |
| sample.bicep:1:1:1:48 | Variable[location] | sample.bicep:74:3:74:10 | VariableRead[location] |
| sample.bicep:1:1:1:48 | Variable[location] | sample.bicep:74:13:74:20 | VariableRead[location] |
| sample.bicep:2:1:2:80 | Variable[storageAccountName] | sample.bicep:2:7:2:24 | VariableWrite[storageAccountName] |
| sample.bicep:2:1:2:80 | Variable[storageAccountName] | sample.bicep:12:9:12:26 | VariableRead[storageAccountName] |
| sample.bicep:3:1:3:28 | Variable[vmName] | sample.bicep:3:7:3:12 | VariableWrite[vmName] |
| sample.bicep:3:1:3:28 | Variable[vmName] | sample.bicep:73:9:73:14 | VariableRead[vmName] |
| sample.bicep:3:1:3:28 | Variable[vmName] | sample.bicep:80:21:80:26 | VariableRead[vmName] |
| sample.bicep:4:1:4:40 | Variable[adminUsername] | sample.bicep:4:7:4:19 | VariableWrite[adminUsername] |
| sample.bicep:4:1:4:40 | Variable[adminUsername] | sample.bicep:81:7:81:19 | VariableRead[adminUsername] |
| sample.bicep:4:1:4:40 | Variable[adminUsername] | sample.bicep:81:22:81:34 | VariableRead[adminUsername] |
| sample.bicep:5:1:5:43 | Variable[adminPassword] | sample.bicep:5:7:5:19 | VariableWrite[adminPassword] |
| sample.bicep:5:1:5:43 | Variable[adminPassword] | sample.bicep:82:7:82:19 | VariableRead[adminPassword] |
| sample.bicep:5:1:5:43 | Variable[adminPassword] | sample.bicep:82:22:82:34 | VariableRead[adminPassword] |
| sample.bicep:6:1:6:32 | Variable[vnetName] | sample.bicep:6:7:6:14 | VariableWrite[vnetName] |
| sample.bicep:6:1:6:32 | Variable[vnetName] | sample.bicep:24:9:24:16 | VariableRead[vnetName] |
| sample.bicep:7:1:7:36 | Variable[subnetName] | sample.bicep:7:7:7:16 | VariableWrite[subnetName] |
| sample.bicep:7:1:7:36 | Variable[subnetName] | sample.bicep:34:15:34:24 | VariableRead[subnetName] |
| sample.bicep:8:1:8:40 | Variable[publicIpName] | sample.bicep:8:7:8:18 | VariableWrite[publicIpName] |
| sample.bicep:8:1:8:40 | Variable[publicIpName] | sample.bicep:44:9:44:20 | VariableRead[publicIpName] |
| sample.bicep:9:1:9:30 | Variable[nicName] | sample.bicep:9:7:9:13 | VariableWrite[nicName] |
| sample.bicep:9:1:9:30 | Variable[nicName] | sample.bicep:52:9:52:15 | VariableRead[nicName] |
| sample.bicep:11:1:21:1 | Variable[storageAccount] | sample.bicep:11:10:11:23 | VariableWrite[storageAccount] |
| sample.bicep:23:1:41:1 | Variable[vnet] | sample.bicep:23:10:23:13 | VariableWrite[vnet] |
| sample.bicep:23:1:41:1 | Variable[vnet] | sample.bicep:60:17:60:20 | VariableRead[vnet] |
| sample.bicep:43:1:49:1 | Variable[publicIp] | sample.bicep:43:10:43:17 | VariableWrite[publicIp] |
| sample.bicep:43:1:49:1 | Variable[publicIp] | sample.bicep:64:17:64:24 | VariableRead[publicIp] |
| sample.bicep:51:1:70:1 | Variable[nic] | sample.bicep:51:10:51:12 | VariableWrite[nic] |
| sample.bicep:51:1:70:1 | Variable[nic] | sample.bicep:98:15:98:17 | VariableRead[nic] |
| sample.bicep:72:1:103:1 | Variable[vm] | sample.bicep:72:10:72:11 | VariableWrite[vm] |
variableRead
| conditions.bicep:4:78:4:97 | VariableRead[enableStorageAccount] |
| conditions.bicep:5:9:5:26 | VariableRead[storageAccountName] |
| data.bicep:14:27:14:38 | VariableRead[exampleArray] |
| data.bicep:15:27:15:38 | VariableRead[exampleArray] |
| data.bicep:18:28:18:39 | VariableRead[exampleArray] |
| data.bicep:18:41:18:45 | VariableRead[index] |
| sample.bicep:12:9:12:26 | VariableRead[storageAccountName] |
| sample.bicep:13:3:13:10 | VariableRead[location] |
| sample.bicep:13:13:13:20 | VariableRead[location] |
| sample.bicep:24:9:24:16 | VariableRead[vnetName] |
| sample.bicep:25:3:25:10 | VariableRead[location] |
| sample.bicep:25:13:25:20 | VariableRead[location] |
| sample.bicep:34:15:34:24 | VariableRead[subnetName] |
| sample.bicep:44:9:44:20 | VariableRead[publicIpName] |
| sample.bicep:45:3:45:10 | VariableRead[location] |
| sample.bicep:45:13:45:20 | VariableRead[location] |
| sample.bicep:52:9:52:15 | VariableRead[nicName] |
| sample.bicep:53:3:53:10 | VariableRead[location] |
| sample.bicep:53:13:53:20 | VariableRead[location] |
| sample.bicep:60:17:60:20 | VariableRead[vnet] |
| sample.bicep:64:17:64:24 | VariableRead[publicIp] |
| sample.bicep:73:9:73:14 | VariableRead[vmName] |
| sample.bicep:74:3:74:10 | VariableRead[location] |
| sample.bicep:74:13:74:20 | VariableRead[location] |
| sample.bicep:80:21:80:26 | VariableRead[vmName] |
| sample.bicep:81:7:81:19 | VariableRead[adminUsername] |
| sample.bicep:81:22:81:34 | VariableRead[adminUsername] |
| sample.bicep:82:7:82:19 | VariableRead[adminPassword] |
| sample.bicep:82:22:82:34 | VariableRead[adminPassword] |
| sample.bicep:98:15:98:17 | VariableRead[nic] |
variableWrite
| conditions.bicep:1:7:1:26 | VariableWrite[enableStorageAccount] |
| conditions.bicep:2:7:2:24 | VariableWrite[storageAccountName] |
| conditions.bicep:4:10:4:23 | VariableWrite[storageAccount] |
| data.bicep:14:8:14:19 | VariableWrite[firstElement] |
| data.bicep:15:8:15:19 | VariableWrite[thirdElement] |
| data.bicep:18:8:18:20 | VariableWrite[secondElement] |
| data.bicep:21:7:21:17 | VariableWrite[exampleBool] |
| data.bicep:24:7:24:16 | VariableWrite[exampleInt] |
| data.bicep:27:7:27:22 | VariableWrite[singleLineObject] |
| data.bicep:29:7:29:21 | VariableWrite[multiLineObject] |
| data.bicep:36:7:36:17 | VariableWrite[mixedObject] |
| sample.bicep:1:7:1:14 | VariableWrite[location] |
| sample.bicep:2:7:2:24 | VariableWrite[storageAccountName] |
| sample.bicep:3:7:3:12 | VariableWrite[vmName] |
| sample.bicep:4:7:4:19 | VariableWrite[adminUsername] |
| sample.bicep:5:7:5:19 | VariableWrite[adminPassword] |
| sample.bicep:6:7:6:14 | VariableWrite[vnetName] |
| sample.bicep:7:7:7:16 | VariableWrite[subnetName] |
| sample.bicep:8:7:8:18 | VariableWrite[publicIpName] |
| sample.bicep:9:7:9:13 | VariableWrite[nicName] |
| sample.bicep:11:10:11:23 | VariableWrite[storageAccount] |
| sample.bicep:23:10:23:13 | VariableWrite[vnet] |
| sample.bicep:43:10:43:17 | VariableWrite[publicIp] |
| sample.bicep:51:10:51:12 | VariableWrite[nic] |
| sample.bicep:72:10:72:11 | VariableWrite[vm] |
