| aks-security-examples.bicep:2:1:30:1 | ManagedContainerResource | AKS cluster is configured with an insecure or missing network policy, which may allow unwanted pod-to-pod communication. |
| aks-security-examples.bicep:32:1:62:1 | ManagedContainerResource | AKS cluster is configured with an insecure or missing network policy, which may allow unwanted pod-to-pod communication. |
| app.bicep:287:1:307:1 | ManagedContainerResource | AKS cluster is configured with an insecure or missing network policy, which may allow unwanted pod-to-pod communication. |
| app.bicep:310:1:330:1 | ManagedContainerResource | AKS cluster is configured with an insecure or missing network policy, which may allow unwanted pod-to-pod communication. |
