| aks-security-examples.bicep:2:1:30:1 | ManagedContainerResource | AKS cluster has kubeDashboard addon enabled (insecure configuration). |
