| aks-security-examples.bicep:2:1:30:1 | ManagedContainerResource | AKS cluster API server is publicly accessible (private cluster not enabled). |
