| app.bicep:11:14:13:7 | Users | Excessive permissions granted to Grafana editors (editorsCanAdmin=true). This allows editors to administrate dashboards, folders and teams they create. |
| app.bicep:62:14:65:7 | Users | Excessive permissions granted to Grafana editors (editorsCanAdmin=true). This allows editors to administrate dashboards, folders and teams they create. |
