| app.bicep:15:1:23:1 | AppService[webAppBad1] | Azure Web App configured with insecure TLS version: 1.1 |
| app.bicep:26:1:34:1 | AppService[webAppBad2] | Azure Web App configured with insecure TLS version: 1.0 |
