| app.bicep:18:1:26:1 | AppService[insecureWebApp] | Azure Web App with HTTPS enabled doesn't require client certificates for mutual TLS authentication. |
| app.bicep:30:1:39:1 | AppService[partiallySecureWebApp] | Azure Web App with HTTPS enabled doesn't require client certificates for mutual TLS authentication. |
| app.bicep:43:1:52:1 | AppService[explicitlyOptionalWebApp] | Azure Web App with HTTPS enabled doesn't require client certificates for mutual TLS authentication. |
| app.bicep:56:1:65:1 | AppService[secureWebApp] | Azure Web App with HTTPS enabled doesn't require client certificates for mutual TLS authentication. |
