| app.bicep:18:24:18:28 | String | Weak TLS version detected |
