| app.bicep:6:26:6:34 | String | Resource 'publicdbserver' is publicly accessible to the Internet. |
