| app.bicep:2:1:10:1 | ResourceDeclaration |
| app.bicep:13:1:34:1 | ResourceDeclaration |
| app.bicep:37:1:48:1 | ResourceDeclaration |
