resolveIdentifier
| sample.bicep:1:1:3:1 | VirtualNetworks Resource | sample.bicep:5:1:8:1 | ResourceDeclaration |
resolveResource
| sample.bicep:15:1:31:1 | VirtualMachines Resource | sample.bicep:10:1:13:1 | NetworkInterfaces Resource |
resolveProperties
| sample.bicep:15:1:31:1 | VirtualMachines Resource | sample.bicep:26:17:28:7 | Object |
